<a href="typo3conf/ext/rkw_basics/Resources/Public/Css/test.css">Test</a>